[    0.000000] Linux verson 4.15.0-58-generic (buildd@cy01-amd64-013) (gcc version 7.4.0 (Ubuntu 7.4.0-1ubunt1~18.041)) #64-Ubntu SMP Tue Aug 6 11:12:41 UTC 2019 (Ubuntu 4.15.0-58.64-generic 4.15.18)
[    0.000000] Command line: BOOT_IMAGE=/boot/vmlinuz-4.15.0-58-generic root=UUID=a5eb06e2-8eb1-4232-8570-2cc927993946 ro console=tty1 console=ttyS0
[    0.000000] KERNEL supported cpus:
[    0.000000]   Intel GenuineIntel
[    0.000000]   AMD AuthenticAMD
[    0.000000]   Centaur CentaurHauls
[    0.000000] x86/fpu: Supporting XSAVE feature 0x001: 'x87 floating point registers'
[    0.000000] x86/fpu: Supporting XSAVE feature 0x002: 'SSE registers'
[    0.000000] x86/fpu: Supporting XSAVE feature 0x004: 'AVX registers'
[    0.000000] x86/fpu: xstate_offset[2]:  576, xstate_sizes[2]:  256
[    0.000000] x86/fpu: Enabled xstate features 0x7, context size is 832 bytes, using 'standard' format.
[    0.000000] e820: BIOS-provided physical RAM map:
[    0.000000] BIOS-e820: [mem 0x000000000000000-0x000000000009fbff] usable
[    0.000000] BIOS-e820: [mem 0x000000000009fc00-0x000000000009ffff] reserved
[    0.000000] BIOS-e820: [mem 0x00000000000f0000-0x00000000000fffff] reserved
[    0.000000] BIOS-e820: [mem 0x0000000000100000-0x000000003feffff] usable
[    0.000000] BIOS-e820: [mem 0x000000003fff0000-0x000000003fffffff] ACPI data
[    0.000000] BIOS-e820: [mem 0x00000000fe00000-0x0000000ec00fff] reserved
[    0.000000] BIOS-e20 [mem 0x00000000fee0000-0x0000000fee00ff] eserved
[   0.000000] BIOS-e820: [mem 0x00000000fffc000-0x0000000ffffffff] reserved
[    0.000000] NX (Execute Disable) protection: active
[    0.000000] SMIO 2.5 present.
[    0.000000] MI: innotek GmbH VirtualBox/VirtualBox, BIOS VirtualBo 12/01/2006
[   0.00000] Hyerisor deteted: KV
    0.000000] e820: last_pfn = 0x3fff0 max_arch_pfn = 0x40000000
[    0.000000] MTRR: Disabled
[   0.000000] 86PAT: MTRRs disbled, kiping PAT niialization too.
[    0.000000] CPU MTRRs all blank - virtualized sstm.
[    0.00000] x86/PAT: Cfiguration -7]: WB  WT  UC U  WB  WT  UC- UC  
[    0.000000] found SMP MP-table at [mem 0x0009fff0-0x0009fff] mapped at [       (ptrl)]
[    0.000000]canning 1 areas for low memory crruption
[    0.00000] RAMDIS: [mem 0x35983000-0x36cfff]
[    0.000000] ACPI: Early table checksum verification disabled
[    0.000000] ACPI: RSDP 0x00000000000E0000 000024 (v02 VBOX  )
[    0.000000] ACPI: XSDT 0x000000003FFF0030 00003C (v01 VBOX   VBOXXSDT 00000001 ASL  00000061)
[    0.000000] ACPI: FACP 0x000000003FFF00F0 0000F4 (v04 VBOX   VBOXFACP 00000001 ASL  00000061)
[    0.000000] ACPI: DSDT 0x000000003FFF0470 0021FF (v02 VBOX   VBOXBIOS 00000002 INTL 20100528)
[    0.000000] ACPI: FACS 0x000000003FFF0200 000040
[    0.000000 ACPI: FACS 0x000000003FFF0200 000040
[    0.000000] ACPI: APIC 0x000000003FFF0240 00005C (v2 VBOX   VBOXAPIC 0000000 ASL 0000061)
[    0.000000]ACPI SDT 0x000000003FFF020 0001CC (v0VBOX   VBOXUT 00000002 INL 0100528)[    0.000000]NoNUMA configurtion found
[    0.000000] Faking a node at [mem 0x0000000000000000-0x000000003ffeffff]
[    0.000000] NODE_DATA(0) allocated [mem 0x3ffc5000-0x3ffeffff]
[    0.000000] kvm-clock: cpu 0, msr :3f44001,, primary cpulock[    0.00000] kvm-clock: Using msrs 4b54d01 an4b564d00
[   .000000] kvm-clock: using schedoffset of 4318050935 cycles
[    0.000000] clocksource: kvm-clock: mask: 0xffffffffffffffff max_ccles: 0x1cd42e4dffb, max_idle_ns: 881590591483 ns
[    0.000000] Zone ranges:
[    0.000000]   DMA      [mem 0x0000000000001000-0x0000000000fffff]
[    0.000000]   DA32   [mm 0x00000000010000-0x0000003ffeffff]
    0.0000]   Normal   empty
[   .000000]   Devic   empty
[    0.000000] Movable zone start for each node
[    0.000000] Early memory node ranges[    0.00000]   noe  0: [mem 0x00000000001000-0x000000000009efff
[    0.00000]   node  0:[mem 0x000000000000-0x000000003ffeffff]
[    0.000000] Reserved bt unavailable: 98 pages
[    0.000000] Initmem setup node 0 [mem 0x0000000000001000-0x000000003ffeffff]
[    0.000000] ACPI: PM-Timer IO Port: 0x4008
[   0.0000] IOAPIC[0]: apic_id 2, version 32, address 0xfec00000, GSI 0-23
[    0.000000] ACPI: INT_SRC_OVR (bus 0 bus_irq 0 global_irq 2 dfl dfl)
[    0.000000] ACPI: INT_SRC_OVR (bus 0 bus_irq 9 global_irq 9 low level)
[    0.000000] Using ACPI (MADT) for SMP configuration information
[    0.000000] smpboot: Allowing 2 CPUs, 0 hotplug CPUs
[    0.000000] PM:Reistered nosave memory: [mem 0x00000000-0x00000f]
[    0.000000] PM: Registered nosave memory: [mem 0x0009f000-0x0009ffff]
[    0.000000] PM: Registered nosave memory: [mem 0x000a0000-0x000effff]
[    0.000000] PM: Registered nosave memory: [mem 0x000f0000-0x000fffff]
[    0.000000] e820: [mem 0x40000000-0xfebfff] available for PCI devices
[    0.000000] Booting paravirtualized kernel on KVM
[    0.000000] clocsorce: refined-jiffies: mask: 0xffffffff max_cycles: 0xffffffff, max_idle_ns: 7645519600211568 ns
[    0.000000] random: get_random_bytes called from start_kernel+0x99/0x4fd with crng_init=0
[    0.000000] setup_percpu: NR_CPUS:8192 nr_cpumask_bts2 nr_puids:2 nr_nodeds:1
[    .000000] percpu: Embedded 46 pages/cpu @        (ptrval) s151552 r8192 d28672 u1048576
[    0.000000] PV qspinlock hash table entries: 256 (order: 0, 4096 bytes)
[    0.0000] Built 1 zonelists, mobility grouping on.  Total pages: 257913
[    0.000000] Policy zone: DMA32
[    0.000000] Kernel command line: BOOT_IMAGE=/boot/vmlinuz-4.15.0-58-generic root=UUID=a5eb06e2-8eb1-4232-8570-2cc927993946 ro console=tty1 console=ttyS0
[    0.000000] Memory: 98292K/1048120K available (12300K kernel code, 248Krwdat, 280K rodata, 2424K init, 234K bss 6196K reserved, 0K cma-reserved)
[    0.000000] SLUB: HWalign=64, Order=0-3, Minbjects=0, CPUs2, Ndes=1
[   .000000] Kernel/Usr page tables isolation: enabled
[    0.000000] ftrace: allocating 39243 entries in 154 pages
[    0.004000] Hierarchical RCU implementation.
[    0.004000] 	RCU restricting CPUs from NR_CPUS=8192 to nr_cpu_ids=2.
[    0.004000] 	Tasks RCU enabled.
[    0.004000] RCU: Adjusting geometry for rcu_fanout_leaf=16, nr_cpu_ids=2
[    0.004000] NR_IRQS: 524544, nr_irqs: 440, preallocated irqs: 16
[    0.004000] Console: colour VGA+ 80x25
[    0.004000] console [tty1] enabled
[    0.004000] console [ttyS0] enabled
[    0.04000] ACPI: Core revision 20170831

[    0.004000] ACPI: 2 ACPI AML tables successfully acquired and loaded
[    0.00400] AIC: Switch to symmetric I/O mode setup
[    0.004316] x2apic enabled
[    0.008005] Switched APIC routing to physical x2apic.
[    0.010933] ..TIMER: vector=0x30 apic1=0 pin1=2 apic2=-1 pin2=-1
[    0.012008] tsc: Detected 1899.999 MHz processor
[    0.016017] Calibrating delay loop (skipped) preset value.. 3799.99 BogoMIPS (lpj=7599996)
[    0.020007] pid_max: default: 32768 minimum: 301
[    0.021705] Security Framework initialized
[    0.023000] Yama: becoming mindful.
[    0.024040] AppArmor: AppArmor initialized
[    0.030130] Dentry cache hash table entries: 131072 (order: 8, 1048576 bytes)
[    0.032087] Inode-cache hash table entries: 65536 (order: 7, 524288 bytes)
[    0.036024] Mount-cache hash table entries: 2048 (order: 2, 16384 bytes)
[    0.038224] Mountpoint-cache hash table entries: 2048 (order: 2, 16384 bytes)
[    0.040263] mce: CPU supports 0 MCE banks
[    0.041666] Last level iTLB entries: 4KB 1024, 2MB 1024, 4MB 1024
[    0.044003] Last level dTLB entries: 4KB 1024, 2MB 1024, 4MB 1024, 1GB 4
[    0.048004] Spectre V1 : Mitigation: usercopy/swapgs barriers and __user pointer sanitization
[    0.052003] Spectre V2 : Mitigation: Full generic retpoline
[    0.056003] Spectre V2 : Spectre v2 / SpectreRSB mitigation: Filling RSB on context switch
[    0.060004] Speculative Store Bypass: Vulnerable
[    0.064077] MDS: Vulnerable: Clear CPU buffers attempted, no microcode
[    0.068143] Freeing SMP alternatives memory: 36K
[    0.080000] smpboot: CPU0: Intel(R) Core(TM) i5-4250U CPU @ 1.30GHz (family: 0x6, model: 0x45, stepping: 0x1)
[    0.080106] Performance Events: unsupported p6 CPU model 69 no PMU driver, software events only.
[    0.084082] Hierarchical SRCU implementation.
[    0.088666] NMI watchdog: Perf event create on CPU 0 failed with -2
[    0.092009] NMI watchdog: Perf NMI watchdog permanently disabled
[    0.094069] smp: Bringing up secondary CPUs ...
[    0.096099] x86: Booting SMP configuration:
[    0.100004] .... node  #0, CPUs:      #1
[    0.004000] kvm-clock: cpu 1, msr 0:3ff44041, secondary cpu clock
[    0.004000] mce: CPU supports 0 MCE banks
[    0.107502] smp: Brought up 1 node, 2 CPUs
[    0.108009] smpboot: Max logical packages: 1
[    0.112005] smpboot: Total of 2 processors activated (7599.99 BogoMIPS)
[    0.116177] devtmpfs: initialized
[    0.120070] x86/mm: Memory block size: 128MB
[    0.124275] evm: security.selinux
[    0.128004] evm: security.SMACK64
[    0.129165] evm: security.SMACK64EXEC
[    0.132003] evm: security.SMACK64TRANSMUTE
[    0.136013] evm: security.SMACK64MMAP
[    0.140003] evm: security.apparmor
[    0.141187] evm: security.ima
[    0.142234] evm: security.capability
[    0.144174] clocksource: jiffies: mask: 0xffffffff max_cycles: 0xffffffff, max_idle_ns: 7645041785100000 ns
[    0.148013] futex hash table entries: 512 (order: 3, 32768 bytes)
[    0.152088] pinctrl core: initialized pinctrl subsystem
[    0.158160] RTC time:  5:23:42, date: 09/10/19
[    0.160268] NET: Registered protocol family 16
[    0.164104] audit: initializing netlink subsys (disabled)
[    0.168055] audit: type=2000 audit(1568093021.079:1): state=initialized audit_enabled=0 res=1
[    0.244021] cpuidle: using governor ladder
[    0.248012] cpuidle: using governor menu
[    0.252057] ACPI: bus type PCI registered
[    0.256006] acpiphp: ACPI Hot Plug PCI Controller Driver version: 0.5
[    0.260154] PCI: Using configuration type 1 for base access
[    0.268889] HugeTLB registered 2.00 MiB page size, pre-allocated 0 pages
[    0.272136] ACPI: Added _OSI(Module Device)
[    0.276024] ACPI: Added _OSI(Processor Device)
[    0.280009] ACPI: Added _OSI(3.0 _SCP Extensions)
[    0.284007] ACPI: Added _OSI(Processor Aggregator Device)
[    0.285712] ACPI: Added _OSI(Linux-Dell-Video)
[    0.287076] ACPI: Added _OSI(Linux-Lenovo-NV-HDMI-Audio)
[    0.288010] ACPI: Added _OSI(Linux-HPI-Hybrid-Graphics)
[    0.292506] ACPI: Executed 1 blocks of module-level executable AML code
[    0.301138] ACPI: Interpreter enabled
[    0.304045] ACPI: (supports S0 S5)
[    0.305170] ACPI: Using IOAPIC for interrupt routing
[    0.308341] PCI: Using host bridge windows from ACPI; if necessary, use "pci=nocrs" and report a bug
[    0.312301] ACPI: Enabled 2 GPEs in block 00 to 07
[    0.325254] ACPI: PCI Root Bridge [PCI0] (domain 0000 [bus 00-ff])
[    0.328098] acpi PNP0A03:00: _OSC: OS supports [ASPM ClockPM Segments MSI]
[    0.332125] acpi PNP0A03:00: _OSC: not requesting OS control; OS requires [ExtendedConfig ASPM ClockPM MSI]
[    0.336074] acpi PNP0A03:00: fail to add MMCONFIG information, can't access extended PCI configuration space under this bridge.
[    0.340590] PCI host bridge to bus 0000:00
[    0.344013] pci_bus 0000:00: root bus resource [io  0x0000-0x0cf7 window]
[    0.348008] pci_bus 0000:00: root bus resource [io  0x0d00-0xffff window]
[    0.352008] pci_bus 0000:00: root bus resource [mem 0x000a0000-0x000bffff window]
[    0.356007] pci_bus 0000:00: root bus resource [mem 0x40000000-0xfdffffff window]
[    0.360010] pci_bus 0000:00: root bus resource [bus 00-ff]
[    0.369818] pci 0000:00:01.1: legacy IDE quirk: reg 0x10: [io  0x01f0-0x01f7]
[    0.372009] pci 0000:00:01.1: legacy IDE quirk: reg 0x14: [io  0x03f6]
[    0.376007] pci 0000:00:01.1: legacy IDE quirk: reg 0x18: [io  0x0170-0x0177]
[    0.380062] pci 0000:00:01.1: legacy IDE quirk: reg 0x1c: [io  0x0376]
[    0.415799] pci 0000:00:07.0: quirk: [io  0x4000-0x403f] claimed by PIIX4 ACPI
[    0.416029] pci 0000:00:07.0: quirk: [io  0x4100-0x410f] claimed by PIIX4 SMB
[    0.440483] ACPI: PCI Interrupt Link [LNKA] (IRQs 5 9 10 *11)
[    0.444531] ACPI: PCI Interrupt Link [LNKB] (IRQs 5 9 *10 11)
[    0.448197] ACPI: PCI Interrupt Link [LNKC] (IRQs 5 *9 10 11)
[    0.452192] ACPI: PCI Interrupt Link [LNKD] (IRQs 5 9 10 *11)
[    0.456534] SCSI subsystem initialized
[    0.460075] pci 0000:00:02.0: vgaarb: setting as boot VGA device
[    0.464000] pci 0000:00:02.0: vgaarb: VGA device added: decodes=io+mem,owns=io+mem,locks=none
[    0.464012] pci 0000:00:02.0: vgaarb: bridge control possible
[    0.468005] vgaarb: loaded
[    0.472060] ACPI: bus type USB registered
[    0.476054] usbcore: registered new interface driver usbfs
[    0.480024] usbcore: registered new interface driver hub
[    0.484047] usbcore: registered new device driver usb
[    0.488122] EDAC MC: Ver: 3.0.0
[    0.492397] PCI: Using ACPI for IRQ routing
[    0.496535] NetLabel: Initializing
[    0.500004] NetLabel:  domain hash size = 128
[    0.501683] NetLabel:  protocols = UNLABELED CIPSOv4 CALIPSO
[    0.504032] NetLabel:  unlabeled traffic allowed by default
[    0.508144] clocksource: Switched to clocksource kvm-clock
[   0.531425] VFS: Disk quotas dquot_6.6.0
[    0.589469] VFS: Dquot-cache ash table entries: 51 (rdr 0, 4096 bytes)
[    0.721489] AppArmor: AppArmor Filsyte Eabed
[   .8594]pn: nPACPI init
[    10923] pp:Pn API found 3 devices

[   .332800] clocksouce apipm msk 0ffffff max_cycles: 0xfff, max_idle_ns: 2085701024 ns
[    1.684424] NET: Registered protocol family 2

[    1.689584] TCP etablished hash tabe entries: 8192 (order: 4,556 yts)

[    1.941030] TCP bind hh tab etres 892(oer 5, 131072 bytes)
[    2.259770] TCP: Hash tables configured (established 8192 bind 8192)
[   2.61957] UDP hash table entries: 512 (order: 2, 16384 bytes)
[    2.315451] UDP-Lite hash table entries: 512 (order: 2, 16384 bytes)
[   .3773] NET: Registered protocol family 1
[   2.2152 pi 000:00:0.: imtig irctPC/PCI transfers
[    2.840113] pci 0000:00:0.0: Activating ISA DMA hang workarounds[   .9879]pc 00000020:Vieodevice with shadowed ROM at [mem 0x000c0000-0x000dffff]

[    3.301199] Unpackin initramfs...

[    3.810621] Freeing initrd memory: 19672K
[    3.862898] clocksource: tsc: mask: 0xffffffffffffffff max_cycles: 0x36c6563e7a6, max_idle_ns: 881590602333 ns
[    3.954372] platform rtc_cmos: registered platform RTC device (no PNP device found)
[    3.967405] Scanning for low memory corruption every 60 seconds
[    3.970354] Initialise system trusted keyrings
[    3.972109] Key type blacklist registered
[    3.974098] workingset: timestamp_bits=36 max_order=18 bucket_order=0
[    3.977935] zbud: loaded
[    3.979802] squashfs: version 4.0 (2009/01/31) Phillip Lougher
[    3.982620] fuse init (API version 7.26)
[    3.990124] Key type asymmetric registered
[    3.991741] Asymmetric key parser 'x509' registered
[    3.993756] Block layer SCSI generic (bsg) driver version 0.4 loaded (major 246)
[    3.996883] io scheduler noop registered
[    3.998142] io scheduler deadline registered
[    3.999506] io scheduler cfq registered (default)
[    4.001938] ACPI: AC Adapter [AC] (on-line)
[    4.017534] input: Power Button as /devices/LNXSYSTM:00/LNXPWRBN:00/input/input0
[    4.023624] ACPI: Power Button [PWRF]
[    4.038286] input: Sleep Button as /devices/LNXSYSTM:00/LNXSLPBN:00/input/input1
[    4.053158] ACPI: Sleep Button [SLPF]
[    4.059813] ACPI: Battery Slot [BAT0] (battery present)
[    4.075332] Serial: 8250/16550 driver, 32 ports, IRQ sharing enabled
[  41445] 0:2:ttS0atI/ 03f8 (rq= , ase_baud = 1150)isa 650A

[    4.789390] Linux agpgart interface v0.103
[    4.802195] loop: module loaded
[    4.810408] scsi host0: ata_piix
[    4.825481] scsi host1: ata_piix
[    4.852916] ata1: PATA max UDMA/33 cmd 0x1f0 ctl 0x3f6 bmdma 0xd000 irq 14
[    4.941048] ata2: PATA max UDMA/33 cmd 0x170 ctl 0x376 bmdma 0xd008 irq 15
[    4.976889] libphy: Fixed MDIO Bus: probed
[    4.985099] tun: Universal TUN/TAP device driver, 1.6
[    5.024756] PPP generic driver version 2.4.2
[    5.060710] ehci_hcd: USB 2.0 'Enhanced' Host Controller (EHCI) Driver
[    5.101563] ehci-pci: EHCI PCI platform driver
[    5.128771] ehci-platform: EHCI generic platform driver
[    5.134499] ohci_hcd: USB 1.1 'Open' Host Controller (OHCI) Driver
[    5.136920] ohci-pci: OHCI PCI platform driver
[    5.146515] ohci-platform: OHCI generic platform driver
[    5.148669] uhci_hcd: USB Universal Host Controller Interface driver
[    5.150634] i8042: PNP: PS/2 Controller [PNP0303:PS2K,PNP0f03:PS2M] at 0x60,0x64 irq 1,12
[    5.153853] serio: i8042 KBD port at 0x60,0x64 irq 1
[    5.155379] serio: i8042 AUX port at 0x60,0x64 irq 12
[    5.157441] mousedev: PS/2 mouse device common for all mice
[    5.160287] rtc_cmos rtc_cmos: rtc core: registered rtc_cmos as rtc0
[    5.162796] input: AT Translated Set 2 keyboard as /devices/platform/i8042/serio0/input/input2
[    5.164235] rtc_cmos rtc_cmos: alarms up to one day, 114 bytes nvram
[    5.199350] i2c /dev entries driver
[    5.202835] device-mapper: uevent: version 1.0.3
[    5.209464] device-mapper: ioctl: 4.37.0-ioctl (2017-09-20) initialised: dm-devel@redhat.com
[    5.220378] ledtrig-cpu: registered to indicate activity on CPUs
[    5.229343] NET: Registered protocol family 10
[    5.249928] Segment Routing with IPv6
[    5.253996] NET: Registered protocol family 17
[    5.265563] Key type dns_resolver registered
[    5.283620] RAS: Correctable Errors collector initialized.
[    5.286568] sched_clock: Marking stable (5286533787, 0)->(13359582695, -8073048908)
[    5.315127] registered taskstats version 1
[    5.320567] Loading compiled-in X.509 certificates
[    5.381236] Loaded X.509 cert 'Build time autogenerated kernel key: e343dd3e31c9820cf0adf0156bc2eecdcfc394af'
[    5.465106] zswap: loaded using pool lzo/zbud
[    5.523685] Key type big_key registered
[    5.564318] Key type trusted registered
[    5.608048] Key type encrypted registered
[    5.633056] AppArmor: AppArmor sha1 policy hashing enabled
[    5.638096] ima: No TPM chip found, activating TPM-bypass! (rc=-19)
[    5.640438] ima: Allocated hash algorithm: sha1
[    5.669110] evm: HMAC attrs: 0x1
[    5.690393]   Magic number: 3:121:365
[    5.708622] rtc_cmos rtc_cmos: setting system clock to 2019-09-10 05:23:49 UTC (1568093029)
[    5.764898] BIOS EDD facility v0.16 2004-Jun-25, 0 devices found
[    5.812891] EDD information not available.
[    5.833242] Freeing unused kernel image memory: 2424K
[    5.905001] Write protecting the kernel read-only data: 20480k
[    5.916497] Freeing unused kernel image memory: 2008K
[    5.918642] Freeing unused kernel image memory: 1864K
[    5.930672] x86/mm: Checked W+X mappings: passed, no W+X pages found.
[    5.982032] x86/mm: Checking user space page tables
[    6.118187] x86/mm: Checked W+X mappings: passed, no W+X pages found.
Loading, please wait...
starting version 237
[    6.734394] Fusion MPT base driver 3.04.20
[    6.744056] Copyright (c) 1999-2008 LSI Corporation
[    6.768540] Fusion MPT SPI Host driver 3.04.20
[    6.771937] AVX2 version of gcm_enc/dec engaged.
[    6.792139] AES CTR mode by8 optimization enabled
[    6.793311] e1000: Intel(R) PRO/1000 Network Driver - version 7.3.21-k8-NAPI
[    6.796066] e1000: Copyright (c) 1999-2006 Intel Corporation.
[    6.798356] mptbase: ioc0: Initiating bringup
[    6.928760] ioc0: LSI53C1030 A0: Capabilities={Initiator}
[    6.965721] input: ImExPS/2 Generic Explorer Mouse as /devices/platform/i8042/serio1/input/input4
[    7.220707] scsi host2: ioc0: LSI53C1030 A0, FwRev=00000000h, Ports=1, MaxQ=256, IRQ=20
[    7.456840] scsi 2:0:0:0: Direct-Access     VBOX     HARDDISK         1.0  PQ: 0 ANSI: 5
[    7.496177] scsi target2:0:0: Beginning Domain Validation
[    7.501683] scsi target2:0:0: Domain Validation skipping write tests
[    7.506785] scsi target2:0:0: Ending Domain Validation
[    7.509620] scsi target2:0:0: asynchronous
[    7.528086] scsi 2:0:1:0: Direct-Access     VBOX     HARDDISK         1.0  PQ: 0 ANSI: 5
[    7.888846] scsi target2:0:1: Beginning Domain Validation
[    7.918031] random: fast init done
[    7.978339] scsi target2:0:1: Domain Validation skipping write tests
[    7.981984] scsi target2:0:1: Ending Domain Validation
[    7.984209] scsi target2:0:1: asynchronous
[    7.987191] random: systemd-udevd: uninitialized urandom read (16 bytes read)
[    7.988323] e1000 0000:00:03.0 eth0: (PCI:33MHz:32-bit) 02:26:45:5c:bc:af
[    7.994910] random: systemd-udevd: uninitialized urandom read (16 bytes read)
[    7.997446] e1000 0000:00:03.0 eth0: Intel(R) PRO/1000 Network Connection
[    7.999529] random: systemd-udevd: uninitialized urandom read (16 bytes read)
[    8.017965] sd 2:0:0:0: Attached scsi generic sg0 type 0
[    8.139322] sd 2:0:0:0: [sda] 20971520 512-byte logical blocks: (10.7 GB/10.0 GiB)
[    8.216008] sd 2:0:1:0: Attached scsi generic sg1 type 0
[    8.218227] sd 2:0:0:0: [sda] Write Protect is off
[    8.220577] sd 2:0:0:0: [sda] Incomplete mode parameter data
[    8.222827] sd 2:0:0:0: [sda] Assuming drive cache: write through
[    8.227628] sd 2:0:1:0: [sdb] 20480 512-byte logical blocks: (10.5 MB/10.0 MiB)
[    8.242313] sd 2:0:1:0: [sdb] Write Protect is off
[    8.244123] sd 2:0:1:0: [sdb] Incomplete mode parameter data
[    8.246484] sd 2:0:1:0: [sdb] Assuming drive cache: write through
[    8.258391]  sda: sda1
[    8.260582] sd 2:0:0:0: [sda] Attached SCSI disk
[    8.264222] sd 2:0:1:0: [sdb] Attached SCSI disk
[    8.647063] e1000 0000:00:08.0 eth1: (PCI:33MHz:32-bit) 08:00:27:cd:e6:ad
[    8.655671] e1000 0000:00:08.0 eth1: Intel(R) PRO/1000 Network Connection
[    8.660290] e1000 0000:00:03.0 enp0s3: renamed from eth0
[    8.685956] e1000 0000:00:08.0 enp0s8: renamed from eth1
Begin: Loading essential drivers ... [   10.328577] raid6: sse2x1   gen()  7732 MB/s
[   10.396235] raid6: sse2x1   xor()  5913 MB/s
[   10.468125] raid6: sse2x2   gen() 10209 MB/s
[   10.536240] raid6: sse2x2   xor()  6544 MB/s
[   10.612227] raid6: sse2x4   gen() 11643 MB/s
[   10.688290] raid6: sse2x4   xor()  7582 MB/s
[   10.760295] raid6: avx2x1   gen() 16247 MB/s
[   10.836210] raid6: avx2x1   xor() 11260 MB/s
[   10.888263] raid6: avx2x2   gen() 19082 MB/s
[   10.936199] raid6: avx2x2   xor() 11714 MB/s
[   11.020160] raid6: avx2x4   gen() 17210 MB/s
[   11.080331] raid6: avx2x4   xor()  3383 MB/s
[   11.085612] raid6: using algorithm avx2x2 gen() 19082 MB/s
[   11.093123] raid6: .... xor() 11714 MB/s, rmw enabled
[   11.101758] raid6: using avx2x2 recovery algorithm
[   11.109096] xor: automatically using best checksumming function   avx       
[   11.132175] async_tx: api initialized (async)
done.
Begin: Running /scripts/init-premount ... done.
Begin: Mounting root file system ... Begin: Running /scripts/local-top ... done.
Begin: Running /scripts/local-premount ... [   11.206396] Btrfs loaded, crc32c=crc32c-intel
Scanning for Btrfs filesystems
done.
Warning: fsck no[   11.292703] EXT4-fs (sda1): mounted filesystem with ordered data mode. Opts: (null)
t present, so skipping root file system
done.
Begin: Running /scripts/local-bottom ... done.
Begin: Running /scripts/init-bottom ... done.
[   11.686866] ip_tables: (C) 2000-2006 Netfilter Core Team
[   11.762727] systemd[1]: systemd 237 running in system mode. (+PAM +AUDIT +SELINUX +IMA +APPARMOR +SMACK +SYSVINIT +UTMP +LIBCRYPTSETUP +GCRYPT +GNUTLS +ACL +XZ +LZ4 +SECCOMP +BLKID +ELFUTILS +KMOD -IDN2 +IDN -PCRE2 default-hierarchy=hybrid)
[   12.034350] systemd[1]: Detected virtualization oracle.
[   12.102839] systemd[1]: Detected architecture x86-64.

Welcome to [1mUbuntu 18.04.2 LTS[0m!

[   12.153945] systemd[1]: Set hostname to <ubuntu-bionic>.
[   12.697477] systemd[1]: Reached target System Time Synchronized.
[[0;32m  OK  [0m] Reached target System Time Synchronized.
[   12.809021] systemd[1]: Created slice User and Session Slice.
[[0;32m  OK  [0m] Created slice User and Session Slice.
[   12.925275] systemd[1]: Created slice System Slice.
[[0;32m  OK  [0m] Created slice System Slice.
[   12.982366] systemd[1]: Listening on Network Service Netlink Socket.
[[0;32m  OK  [0m] Listening on Network Service Netlink Socket.
[   13.116055] systemd[1]: Listening on LVM2 poll daemon socket.
[[0;32m  OK  [0m] Listening on LVM2 poll daemon socket.
[   13.245528] systemd[1]: Listening on Syslog Socket.
[[0;32m  OK  [0m] Listening on Syslog Socket.
[[0;32m  OK  [0m] Listening on /dev/initctl Compatibility Named Pipe.
[[0;32m  OK  [0m] Listening on LVM2 metadata daemon socket.
[[0;32m  OK  [0m] Listening on Journal Socket.
         Mounting Huge Pages File System...
         Mounting Kernel Debug File System...
         Starting Remount Root and Kernel File Systems...
         Starting Set the console keyboard layout...
         Starting Uncomplicated firewall...
[   13.367136] EXT4-fs (sda1): re-mounted. Opts: (null)
         Starting Load Kernel Modules...
         Starting Create list of required stâ€¦ce nodes for the current kernel...
[[0;32m  OK  [0m] Reached target Slices.
[[0;32m  OK  [0m] Reached targ[   13.437655] Loading iSCSI transport class v2.0-870.
et User and Group Name Lookups.
[[0;32m  OK  [0m] Listening on udev Kernel Socket.
[   13.473391] iscsi: registered transport (tcp)
[[0;32m  OK  [0m] Listening on Journal Socket (/dev/log).
[[0;32m  OK  [0m] Set up automo[   13.507529] iscsi: registered transport (iser)
unt Arbitrary Executabâ€¦rmats File System Automount Point.
[[0;32m  OK  [0m] Reached target Swap.
[[0;32m  OK  [0m] Created slice system-serial\x2dgetty.slice.
[[0;32m  OK  [0m] Listening on Device-mapper event daemon FIFOs.
         Starting Monitoring of LVM2 mirrorsâ€¦ng dmeventd or progress polling...
[[0;32m  OK  [0m] Listening on Journal Audit Socket.
         Starting Journal Service...
[[0;32m  OK  [0m] Listening on udev Control Socket.
         Starting udev Coldplug all Devices...
[[0;32m  OK  [0m] Started Forward Password Requests to Wall Directory Watch.
         Mounting POSIX Message Queue File System...
[[0;32m  OK  [0m] Mounted Huge Pages File System.
[[0;32m  OK  [0m] Mounted Kernel Debug File System.
[[0;32m  OK  [0m] Started Journal Service.
[[0;32m  OK  [0m] Started Remount Root and Kernel File Systems.
[[0;32m  OK  [0m] Started Set the console keyboard layout.
[[0;32m  OK  [0m] Started Uncomplicated firewall.
[[0;32m  OK  [0m] Started Load Kernel Modules.
[[0;32m  OK  [0m] Started Create list of required staâ€¦vice nodes for the current kernel.
[[0;32m  OK  [0m] Mounted POSIX Message Queue File System.
[[0;32m  OK  [0m] Started LVM2 metadata daemon.
         Starting Create Static Device Nodes in /dev...
         Mounting FUSE Control File System...
         Mounting Kernel Configuration File System...
         Starting Apply Kernel Variables...
         Starting Load/Save Random Seed...
         Starting Flush Journal to Persistent Storage...
[[0;32m  OK  [0m] Started udev Coldplug all Devices.
[[0;32m  OK  [0m] Started Monitoring of LVM2 mirrors,â€¦sing dmeventd or progress polling.
[[0;32m  OK  [0m] Started Create Static Device Nodes in /dev.
[[0;32m  OK  [0m] Mounted FUSE Control File System.
[[0;32m  OK  [0m] Mounted Kernel Configuration File System.
[[0;32m  OK  [0m] Started Apply Kernel Variables.
[[0;32m  OK  [0m] Started Load/Save Random Seed.
         Starting udev Kernel Device Manager...
[[0;32m  OK  [0m] Reached target Local File Systems (Pre).
[[0;32m  OK  [0m] Reached target Local File Systems.
         Starting Set console font and keymap...
         Starting ebtables ruleset management...
         Starting AppArmor initialization...
         Starting Tell Plymouth To Write Out Runtime Data...
[[0;32m  OK  [0m] Started Set console font and keymap.
[[0;32m  OK  [0m] Started Tell Plymouth To Write Out Runtime Data.
[[0;32m  OK  [0m] Started udev Kernel Device Manager.
[[0;32m  OK  [0m] Started Dispatch Password Requests to Console Directory Watch.
[[0;32m  OK  [0m] Reached target Local Encrypted Volumes.
[[0;32m  OK  [0m] Started ebtables ruleset management.
[[0;32m  OK  [0m] Started Flush Journal to Persistent Storage.
         Starting Create Volatile Files and Directories...
[[0;32m  OK  [0m] Found device /dev/ttyS0.
[[0;32m  OK  [0m] Started Create Volatile Files and Directories.
         Starting Update UTMP about System Boot/Shutdown...
[[0;32m  OK  [0m] Started Update UTMP about System Boot/Shutdown.
[[0;32m  OK  [0m] Listening on Load/Save RF Kill Switch Status /dev/rfkill Watch.
[[0;32m  OK  [0m] Started AppArmor initialization.
         Starting Initial cloud-init job (pre-networking)...
[   17.042199] cloud-init[530]: Cloud-init v. 19.1-1-gbaa47854-0ubuntu1~18.04.1 running 'init-local' at Tue, 10 Sep 2019 05:24:00 +0000. Up 16.69 seconds.
[[0;32m  OK  [0m] Started Initial cloud-init job (pre-networking).
[[0;32m  OK  [0m] Reached target Network (Pre).
         Starting Network Service...
[[0;32m  OK  [0m] Started Network Service.
         Starting Network Name Resolution...
         Starting Wait for Network to be Configured...
[[0;32m  OK  [0m] Started Network Name Resolution.
[[0;32m  OK  [0m] Reached target Network.
[[0;32m  OK  [0m] Reached target Host and Network Name Lookups.
[[0;32m  OK  [0m] Started Wait for Network to be Configured.
         Starting Initial cloud-init job (metadata service crawler)...
[   20.329736] cloud-init[672]: Cloud-init v. 19.1-1-gbaa47854-0ubuntu1~18.04.1 running 'init' at Tue, 10 Sep 2019 05:24:03 +0000. Up 19.85 seconds.
[   20.345431] cloud-init[672]: ci-info: ++++++++++++++++++++++++++++++++++++++Net device info+++++++++++++++++++++++++++++++++++++++
[   20.360791] cloud-init[672]: ci-info: +--------+------+-----------------------------+---------------+--------+-------------------+
[   20.368602] cloud-init[672]: ci-info: | Device |  Up  |           Address           |      Mask     | Scope  |     Hw-Address    |
[   20.400638] cloud-init[672]: ci-info: +--------+------+-----------------------------+---------------+--------+-------------------+
[   20.480596] cloud-init[672]: ci-info: | enp0s3 | True |          10.0.2.15          | 255.255.255.0 | global | 02:26:45:5c:bc:af |
[   20.517664] cloud-init[672]: ci-info: | enp0s3 | True |  fe80::26:45ff:fe5c:bcaf/64 |       .       |  link  | 02:26:45:5c:bc:af |
[   20.543751] cloud-init[672]: ci-info: | enp0s8 | True |        192.168.33.10        | 255.255.255.0 | global | 08:00:27:cd:e6:ad |
[   20.576591] cloud-init[672]: ci-info: | enp0s8 | True | fe80::a00:27ff:fecd:e6ad/64 |       .       |  link  | 08:00:27:cd:e6:ad |
[   20.602615] cloud-init[672]: ci-info: |   lo   | True |          127.0.0.1          |   255.0.0.0   |  host  |         .         |
[   20.634418] cloud-init[672]: ci-info: |   lo   | True |           ::1/128           |       .       |  host  |         .         |
[   20.669008] cloud-init[672]: ci-info: +--------+------+-----------------------------+---------------+--------+-------------------+
[   20.704503] cloud-init[672]: ci-info: +++++++++++++++++++++++++++++Route IPv4 info+++++++++++++++++++++++++++++
[   20.756424] cloud-init[672]: ci-info: +-------+--------------+----------+-----------------+-----------+-------+
[   20.760172] cloud-init[672]: ci-info: | Route | Destination  | Gateway  |     Genmask     | Interface | Flags |
[   20.773104] cloud-init[672]: ci-info: +-------+--------------+----------+-----------------+-----------+-------+
[   20.790625] cloud-init[672]: ci-info: |   0   |   0.0.0.0    | 10.0.2.2 |     0.0.0.0     |   enp0s3  |   UG  |
[   20.804145] cloud-init[672]: ci-info: |   1   |   10.0.2.0   | 0.0.0.0  |  255.255.255.0  |   enp0s3  |   U   |
[   20.824652] cloud-init[672]: ci-info: |   2   |   10.0.2.2   | 0.0.0.0  | 255.255.255.255 |   enp0s3  |   UH  |
[   20.839655] cloud-init[672]: ci-info: |   3   | 192.168.33.0 | 0.0.0.0  |  255.255.255.0  |   enp0s8  |   U   |
[   20.860244] cloud-init[672]: ci-info: +-------+--------------+----------+-----------------+-----------+-------+
[   20.879690] cloud-init[672]: ci-info: +++++++++++++++++++Route IPv6 info+++++++++++++++++++
[   20.938963] cloud-init[672]: ci-info: +-------+-------------+---------+-----------+-------+
[[0;32m  OK  [0m] Started Initial cloud-init job (metadata service crawler).
[   20.962959] cloud-init[672]: ci-info: | Route | Destination | Gateway | Interface | Flags |
[   21.022043] cloud-init[672]: ci-info: +-------+-------------+---------+-----------+-------+
[   21.048359] cloud-init[672]: ci-info: |   1   |  fe80::/64  |    ::   |   enp0s8  |   U   |
[[0;32m  OK  [0m] Reached target System Initialization.
[[0;32m  OK  [0m] Listening on ACPID Listen Socket.
[   21.061835] cloud-init[672]: ci-info: |   2   |  fe80::/64  |    ::   |   enp0s3  |   U   |
[   21.127375] cloud-init[672]: ci-info: |   4   |    local    |    ::   |   enp0s3  |   U   |
[   21.140986] cloud-init[672]: ci-info: |   5   |    local    |    ::   |   enp0s8  |   U   |
[[0;32m  OK  [0m] Started Discard unused blocks once a week.
[[0;32m  OK  [0m] Started Daily Cleanup of Temporary Directories.
[   21.171869] cloud-init[672]: ci-info: |   6   |   ff00::/8  |    ::   |   enp0s8  |   U   |
[   21.244006] cloud-init[672]: ci-info: |   7   |   ff00::/8  |    ::   |   enp0s3  |   U   |
[   21.266358] cloud-init[672]: ci-info: +-------+-------------+---------+-----------+-------+
[[0;32m  OK  [0m] Started ACPI Events Check.
[[0;32m  OK  [0m] Reached target Paths.
[[0;32m  OK  [0m] Started Daily apt download activities.
[[0;32m  OK  [0m] Started Daily apt upgrade and clean activities.
[[0;32m  OK  [0m] Listening on D-Bus System Message Bus Socket.
         Starting Socket activation for snappy daemon.
         Starting LXD - unix socket.
[[0;32m  OK  [0m] Started Message of the Day.
[[0;32m  OK  [0m] Reached target Timers.
[[0;32m  OK  [0m] Listening on Open-iSCSI iscsid Socket.
[[0;32m  OK  [0m] Listening on UUID daemon activation socket.
[[0;32m  OK  [0m] Reached target Network is Online.
         Starting Availability of block devices...
[[0;32m  OK  [0m] Reached target Remote File Systems (Pre).
[[0;32m  OK  [0m] Reached target Remote File Systems.
[[0;32m  OK  [0m] Reached target Cloud-config availability.
[[0;32m  OK  [0m] Listening on Socket activation for snappy daemon.
[[0;32m  OK  [0m] Listening on LXD - unix socket.
[[0;32m  OK  [0m] Started Availability of block devices.
[[0;32m  OK  [0m] Reached target Sockets.
[[0;32m  OK  [0m] Reached target Basic System.
         Starting LSB: automatic crash report generation...
         Starting vboxadd.service...
[[0;32m  OK  [0m] Started Regular background program processing daemon.
         Starting System Logging Service...
[[0;32m  OK  [0m] Started D-Bus System Message Bus.
[[0;32m  OK  [0m] Started FUSE filesystem for LXC.
[[0;32m  OK  [0m] Started Deferred execution scheduler.
         Starting LXD - container startup/shutdown...
         Starting Permit User Sessions...
         Starting Login Service...
         Starting Dispatcher daemon for systemd-networkd...
         Starting OpenBSD Secure Shell server...
         Starting Accounts Service...
         Starting Snappy daemon...
         Starting LSB: Record successful boot for GRUB...
[[0;32m  OK  [0m] Started irqbalance daemon.
[[0;32m  OK  [0m] Started System Logging Service.
[[0;32m  OK  [0m] Started LXD - container startup/shutdown.
[[0;32m  OK  [0m] Started Permit User Sessions.
[[0;32m  OK  [0m] Started Login Service.
[[0;32m  OK  [0m] Started OpenBSD Secure Shell server.
         Starting Authorization Manager...
[[0;32m  OK  [0m] Started Unattended Upgrades Shutdown.
         Starting Hold until boot process finishes up...
         Starting Terminate Plymouth Boot Screen...
[[0;32m  OK  [0m] Started Hold until boot process finishes up.
[[0;32m  OK  [0m] Started Terminate Plymouth Boot Screen.
[[0;32m  OK  [0m] Started LSB: Record successful boot for GRUB.
[[0;32m  OK  [0m] Started LSB: automatic crash report generation.
[[0;32m  OK  [0m] Started Authorization Manager.
[[0;32m  OK  [0m] Started Accounts Service.
         Starting Set console scheme...
[[0;32m  OK  [0m] Started Serial Getty on ttyS0.
[[0;32m  OK  [0m] Started Set console scheme.
[[0;32m  OK  [0m] Created slice system-getty.slice.
[[0;32m  OK  [0m] Started Getty on tty1.
[[0;32m  OK  [0m] Reached target Login Prompts.
[[0;32m  OK  [0m] Started Dispatcher daemon for systemd-networkd.
[[0;32m  OK  [0m] Started vboxadd.service.
         Starting vboxadd-service.service...
[[0;32m  OK  [0m] Started Snappy daemon.
         Starting Wait until snapd is fully seeded...
[[0;32m  OK  [0m] Created slice User Slice of vagrant.
[[0;32m  OK  [0m] Started Wait until snapd is fully seeded.
[[0;32m  OK  [0m] Started vboxadd-service.service.
[[0;32m  OK  [0m] Started Session 1 of user vagrant.
         Starting Apply the settings specified in cloud-config...
[[0;32m  OK  [0m] Reached target Multi-User System.
[[0;32m  OK  [0m] Reached target Graphical Interface.
         Starting Update UTMP about System Runlevel Changes...
         Starting User Manager for UID 1000...
[[0;32m  OK  [0m] Started Update UTMP about System Runlevel Changes.
[[0;32m  OK  [0m] Started User Manager for UID 1000.
[   24.178280] cloud-init[1026]: Cloud-init v. 19.1-1-gbaa47854-0ubuntu1~18.04.1 running 'modules:config' at Tue, 10 Sep 2019 05:24:07 +0000. Up 23.96 seconds.
[[0;32m  OK  [0m] Started Apply the settings specified in cloud-config.
         Starting Execute cloud user/final scripts...
[   25.185346] cloud-init[1107]: Cloud-init v. 19.1-1-gbaa47854-0ubuntu1~18.04.1 running 'modules:final' at Tue, 10 Sep 2019 05:24:08 +0000. Up 25.00 seconds.
[   25.220470] cloud-init[1107]: Cloud-init v. 19.1-1-gbaa47854-0ubuntu1~18.04.1 finished at Tue, 10 Sep 2019 05:24:08 +0000. Datasource DataSourceNoCloud [seed=/dev/sdb][dsmode=net].  Up 25.17 seconds
[[0;32m  OK  [0m] Started Execute cloud user/final scripts.
[[0;32m  OK  [0m] Reached target Cloud-init target.

Ubuntu 18.04.2 LTS ubuntu-bionic ttyS0

ubuntu-bionic login: 